127.0.0.1 - - [22/Nov/2014:23:22:29 -0500] "GET / HTTP/1.1" 200 31 "-" "Mozilla/5.0 (Macintosh; Intel Mac OS X 10_10_1) AppleWebKit/537.36 (KHTML, like Gecko) Chrome/38.0.2125.122 Safari/537.36"
127.0.0.1 - - [22/Nov/2014:23:22:30 -0500] "GET /favicon.ico HTTP/1.1" 200 1150 "-" "Mozilla/5.0 (Macintosh; Intel Mac OS X 10_10_1) AppleWebKit/537.36 (KHTML, like Gecko) Chrome/38.0.2125.122 Safari/537.36"
127.0.0.1 - - [22/Nov/2014:23:25:39 -0500] "GET / HTTP/1.1" 200 31 "-" "Mozilla/5.0 (Macintosh; Intel Mac OS X 10_10_1) AppleWebKit/537.36 (KHTML, like Gecko) Chrome/38.0.2125.122 Safari/537.36"
::1 - - [22/Nov/2014:23:28:45 -0500] "OPTIONS * HTTP/1.0" 200 - "-" "Apache/2.2.29 (Unix) mod_fastcgi/2.4.6 mod_wsgi/3.4 Python/2.7.8 PHP/5.6.2 mod_ssl/2.2.29 OpenSSL/0.9.8za DAV/2 mod_perl/2.0.8 Perl/v5.20.0 (internal dummy connection)"
127.0.0.1 - - [24/Nov/2014:22:04:30 -0500] "GET /test/database.php HTTP/1.1" 200 31 "-" "Mozilla/5.0 (Macintosh; Intel Mac OS X 10_10_1) AppleWebKit/537.36 (KHTML, like Gecko) Chrome/38.0.2125.122 Safari/537.36"
10.0.0.27 - - [24/Nov/2014:22:23:35 -0500] "GET /api.php HTTP/1.1" 400 - "-" "Mozilla/5.0 (Macintosh; Intel Mac OS X 10_10_1) AppleWebKit/537.36 (KHTML, like Gecko) Chrome/38.0.2125.122 Safari/537.36"
10.0.0.27 - - [24/Nov/2014:22:23:38 -0500] "GET /favicon.ico HTTP/1.1" 200 1150 "-" "Mozilla/5.0 (Macintosh; Intel Mac OS X 10_10_1) AppleWebKit/537.36 (KHTML, like Gecko) Chrome/38.0.2125.122 Safari/537.36"
10.0.0.27 - - [26/Nov/2014:16:35:40 -0500] "GET /api.php HTTP/1.1" 400 - "-" "Mozilla/5.0 (Macintosh; Intel Mac OS X 10_10_1) AppleWebKit/537.36 (KHTML, like Gecko) Chrome/38.0.2125.122 Safari/537.36"
10.0.0.27 - - [26/Nov/2014:16:35:44 -0500] "GET /favicon.ico HTTP/1.1" 200 1150 "-" "Mozilla/5.0 (Macintosh; Intel Mac OS X 10_10_1) AppleWebKit/537.36 (KHTML, like Gecko) Chrome/38.0.2125.122 Safari/537.36"
10.0.0.27 - - [26/Nov/2014:16:35:50 -0500] "GET / HTTP/1.1" 200 31 "-" "Mozilla/5.0 (Macintosh; Intel Mac OS X 10_10_1) AppleWebKit/537.36 (KHTML, like Gecko) Chrome/38.0.2125.122 Safari/537.36"
10.0.0.27 - - [26/Nov/2014:16:48:05 -0500] "POST /api.php HTTP/1.1" 200 3 "-" "PushChatStarter/1.0 (iPhone Simulator; iOS 8.1; Scale/2.00)"
10.0.0.27 - - [26/Nov/2014:16:48:58 -0500] "POST /api.php HTTP/1.1" 200 3 "-" "PushChatStarter/1.0 (iPhone Simulator; iOS 8.1; Scale/2.00)"
10.0.0.27 - - [26/Nov/2014:16:49:03 -0500] "POST /api.php HTTP/1.1" 200 3 "-" "PushChatStarter/1.0 (iPhone Simulator; iOS 8.1; Scale/2.00)"
10.0.0.27 - - [26/Nov/2014:16:50:31 -0500] "POST /api.php HTTP/1.1" 200 3 "-" "PushChatStarter/1.0 (iPhone Simulator; iOS 8.1; Scale/2.00)"
10.0.0.27 - - [26/Nov/2014:16:50:31 -0500] "POST /api.php HTTP/1.1" 200 3 "-" "PushChatStarter/1.0 (iPhone Simulator; iOS 8.1; Scale/2.00)"
10.0.0.27 - - [26/Nov/2014:23:03:08 -0500] "POST /api.php HTTP/1.1" 200 3 "-" "PushChatStarter/1.0 (iPhone Simulator; iOS 8.1; Scale/2.00)"
10.0.0.160 - - [26/Nov/2014:23:06:40 -0500] "GET / HTTP/1.1" 200 31 "-" "Mozilla/5.0 (iPhone; CPU iPhone OS 8_1_1 like Mac OS X) AppleWebKit/600.1.4 (KHTML, like Gecko) Version/8.0 Mobile/12B436 Safari/600.1.4"
10.0.0.27 - - [26/Nov/2014:23:15:26 -0500] "POST /api.php HTTP/1.1" 200 3 "-" "PushChatStarter/1.0 (iPhone Simulator; iOS 8.1; Scale/2.00)"
10.0.0.27 - - [29/Nov/2014:13:00:14 -0500] "POST /api.php HTTP/1.1" 200 3 "-" "PushChatStarter/1.0 (iPhone Simulator; iOS 8.1; Scale/2.00)"
10.0.0.27 - - [29/Nov/2014:13:01:18 -0500] "POST /api.php HTTP/1.1" 200 3 "-" "PushChatStarter/1.0 (iPhone Simulator; iOS 8.1; Scale/2.00)"
10.0.0.27 - - [29/Nov/2014:13:01:30 -0500] "POST /api.php HTTP/1.1" 200 3 "-" "PushChatStarter/1.0 (iPhone Simulator; iOS 8.1; Scale/2.00)"
10.0.0.27 - - [29/Nov/2014:13:08:12 -0500] "POST /api.php HTTP/1.1" 200 3 "-" "PushChatStarter/1.0 (iPhone Simulator; iOS 8.1; Scale/2.00)"
10.0.0.5 - - [29/Nov/2014:13:16:12 -0500] "POST /api.php HTTP/1.1" 200 3 "-" "PushChatStarter/1.0 (iPhone; iOS 7.0.4; Scale/2.00)"
10.0.0.5 - - [29/Nov/2014:13:16:25 -0500] "POST /api.php HTTP/1.1" 200 3 "-" "PushChatStarter/1.0 (iPhone; iOS 7.0.4; Scale/2.00)"
10.0.0.5 - - [29/Nov/2014:13:38:30 -0500] "POST /api.php HTTP/1.1" 200 3 "-" "PushChatStarter/1.0 (iPhone; iOS 7.0.4; Scale/2.00)"
::1 - - [29/Nov/2014:22:46:12 -0500] "OPTIONS * HTTP/1.0" 200 - "-" "Apache/2.2.29 (Unix) mod_fastcgi/2.4.6 mod_wsgi/3.4 Python/2.7.8 PHP/5.6.2 mod_ssl/2.2.29 OpenSSL/0.9.8za DAV/2 mod_perl/2.0.8 Perl/v5.20.0 (internal dummy connection)"
10.0.0.5 - - [29/Nov/2014:23:18:20 -0500] "POST /api.php HTTP/1.1" 200 3 "-" "WhereRU/1.0 (iPhone; iOS 7.0.4; Scale/2.00)"
10.0.0.245 - - [29/Nov/2014:23:19:52 -0500] "POST /api.php HTTP/1.1" 200 3 "-" "WhereRU/1.0 (iPhone; iOS 8.1.1; Scale/2.00)"
10.0.0.245 - - [29/Nov/2014:23:20:01 -0500] "POST /api.php HTTP/1.1" 200 3 "-" "WhereRU/1.0 (iPhone; iOS 8.1.1; Scale/2.00)"
10.0.0.5 - - [29/Nov/2014:23:21:16 -0500] "POST /api.php HTTP/1.1" 200 3 "-" "WhereRU/1.0 (iPhone; iOS 7.0.4; Scale/2.00)"
10.0.0.5 - - [29/Nov/2014:23:23:29 -0500] "POST /api.php HTTP/1.1" 200 3 "-" "WhereRU/1.0 (iPhone; iOS 7.0.4; Scale/2.00)"
10.0.0.245 - - [29/Nov/2014:23:23:52 -0500] "POST /api.php HTTP/1.1" 200 3 "-" "WhereRU/1.0 (iPhone; iOS 8.1.1; Scale/2.00)"
10.0.0.245 - - [29/Nov/2014:23:47:04 -0500] "POST /api.php HTTP/1.1" 200 3 "-" "WhereRU/1.0 (iPhone; iOS 8.1.1; Scale/2.00)"
10.0.0.5 - - [29/Nov/2014:23:47:17 -0500] "POST /api.php HTTP/1.1" 200 3 "-" "WhereRU/1.0 (iPhone; iOS 7.0.4; Scale/2.00)"
10.0.0.245 - - [29/Nov/2014:23:48:24 -0500] "POST /api.php HTTP/1.1" 200 3 "-" "WhereRU/1.0 (iPhone; iOS 8.1.1; Scale/2.00)"
10.0.0.5 - - [29/Nov/2014:23:48:40 -0500] "POST /api.php HTTP/1.1" 200 3 "-" "WhereRU/1.0 (iPhone; iOS 7.0.4; Scale/2.00)"
10.0.0.245 - - [29/Nov/2014:23:54:57 -0500] "POST /api.php HTTP/1.1" 200 3 "-" "WhereRU/1.0 (iPhone; iOS 8.1.1; Scale/2.00)"
10.0.0.5 - - [29/Nov/2014:23:55:19 -0500] "POST /api.php HTTP/1.1" 200 3 "-" "WhereRU/1.0 (iPhone; iOS 7.0.4; Scale/2.00)"
10.0.0.5 - - [30/Nov/2014:08:56:05 -0500] "POST /api.php HTTP/1.1" 200 3 "-" "WhereRU/1.0 (iPhone; iOS 7.0.4; Scale/2.00)"
10.0.0.245 - - [30/Nov/2014:08:59:18 -0500] "POST /api.php HTTP/1.1" 200 3 "-" "WhereRU/1.0 (iPhone; iOS 8.1.1; Scale/2.00)"
10.0.0.5 - - [30/Nov/2014:09:01:12 -0500] "POST /api.php HTTP/1.1" 200 3 "-" "WhereRU/1.0 (iPhone; iOS 7.0.4; Scale/2.00)"
10.0.0.5 - - [30/Nov/2014:21:41:36 -0500] "POST /api.php HTTP/1.1" 200 3 "-" "WhereRU/1.0 (iPhone; iOS 7.0.4; Scale/2.00)"
10.0.0.245 - - [30/Nov/2014:21:42:58 -0500] "POST /api.php HTTP/1.1" 200 3 "-" "WhereRU/1.0 (iPhone; iOS 8.1.1; Scale/2.00)"
10.0.0.245 - - [30/Nov/2014:21:48:39 -0500] "POST /api.php HTTP/1.1" 200 3 "-" "WhereRU/1.0 (iPhone; iOS 8.1.1; Scale/2.00)"
10.0.0.245 - - [30/Nov/2014:21:53:54 -0500] "POST /api.php HTTP/1.1" 200 3 "-" "WhereRU/1.0 (iPhone; iOS 8.1.1; Scale/2.00)"
10.0.0.245 - - [30/Nov/2014:21:54:00 -0500] "POST /api.php HTTP/1.1" 200 3 "-" "WhereRU/1.0 (iPhone; iOS 8.1.1; Scale/2.00)"
10.0.0.5 - - [30/Nov/2014:21:54:05 -0500] "POST /api.php HTTP/1.1" 200 3 "-" "WhereRU/1.0 (iPhone; iOS 7.0.4; Scale/2.00)"
10.0.0.5 - - [30/Nov/2014:21:54:16 -0500] "POST /api.php HTTP/1.1" 200 3 "-" "WhereRU/1.0 (iPhone; iOS 7.0.4; Scale/2.00)"
10.0.0.245 - - [30/Nov/2014:21:54:31 -0500] "POST /api.php HTTP/1.1" 200 3 "-" "WhereRU/1.0 (iPhone; iOS 8.1.1; Scale/2.00)"
10.0.0.5 - - [30/Nov/2014:21:54:51 -0500] "POST /api.php HTTP/1.1" 200 3 "-" "WhereRU/1.0 (iPhone; iOS 7.0.4; Scale/2.00)"
10.0.0.5 - - [30/Nov/2014:21:55:09 -0500] "POST /api.php HTTP/1.1" 200 3 "-" "WhereRU/1.0 (iPhone; iOS 7.0.4; Scale/2.00)"
10.0.0.245 - - [30/Nov/2014:21:55:24 -0500] "POST /api.php HTTP/1.1" 200 3 "-" "WhereRU/1.0 (iPhone; iOS 8.1.1; Scale/2.00)"
10.0.0.245 - - [30/Nov/2014:22:07:48 -0500] "POST /api.php HTTP/1.1" 200 3 "-" "WhereRU/1.0 (iPhone; iOS 8.1.1; Scale/2.00)"
10.0.0.160 - - [01/Dec/2014:09:48:06 -0500] "POST /api.php HTTP/1.1" 200 3 "-" "WhereRU/1.0 (iPhone; iOS 8.1.1; Scale/2.00)"
10.0.0.160 - - [01/Dec/2014:09:48:21 -0500] "POST /api.php HTTP/1.1" 200 3 "-" "WhereRU/1.0 (iPhone; iOS 8.1.1; Scale/2.00)"
10.0.0.5 - - [01/Dec/2014:14:34:38 -0500] "POST /api.php HTTP/1.1" 200 3 "-" "WhereRU/1.0 (iPhone; iOS 7.0.4; Scale/2.00)"
10.0.0.5 - - [01/Dec/2014:14:35:09 -0500] "POST /api.php HTTP/1.1" 200 3 "-" "WhereRU/1.0 (iPhone; iOS 7.0.4; Scale/2.00)"
10.0.0.160 - - [01/Dec/2014:14:35:23 -0500] "POST /api.php HTTP/1.1" 200 3 "-" "WhereRU/1.0 (iPhone; iOS 8.1.1; Scale/2.00)"
10.0.0.160 - - [01/Dec/2014:14:35:39 -0500] "POST /api.php HTTP/1.1" 200 3 "-" "WhereRU/1.0 (iPhone; iOS 8.1.1; Scale/2.00)"
10.0.0.245 - - [01/Dec/2014:14:35:50 -0500] "POST /api.php HTTP/1.1" 200 3 "-" "WhereRU/1.0 (iPhone; iOS 8.1.1; Scale/2.00)"
10.0.0.245 - - [01/Dec/2014:14:36:09 -0500] "POST /api.php HTTP/1.1" 200 3 "-" "WhereRU/1.0 (iPhone; iOS 8.1.1; Scale/2.00)"
10.0.0.245 - - [01/Dec/2014:14:36:30 -0500] "POST /api.php HTTP/1.1" 200 3 "-" "WhereRU/1.0 (iPhone; iOS 8.1.1; Scale/2.00)"
10.0.0.5 - - [01/Dec/2014:14:36:53 -0500] "POST /api.php HTTP/1.1" 200 3 "-" "WhereRU/1.0 (iPhone; iOS 7.0.4; Scale/2.00)"
10.0.0.160 - - [01/Dec/2014:14:37:42 -0500] "POST /api.php HTTP/1.1" 200 3 "-" "WhereRU/1.0 (iPhone; iOS 8.1.1; Scale/2.00)"
10.0.0.5 - - [01/Dec/2014:16:08:09 -0500] "POST /api.php HTTP/1.1" 200 3 "-" "WhereRU/1.0 (iPhone; iOS 7.0.4; Scale/2.00)"
10.0.0.160 - - [01/Dec/2014:16:55:59 -0500] "POST /api.php HTTP/1.1" 200 3 "-" "WhereRU/1.0 (iPhone; iOS 8.1.1; Scale/2.00)"
10.0.0.245 - - [01/Dec/2014:16:57:25 -0500] "POST /api.php HTTP/1.1" 200 3 "-" "WhereRU/1.0 (iPhone; iOS 8.1.1; Scale/2.00)"
10.0.0.160 - - [01/Dec/2014:16:57:50 -0500] "POST /api.php HTTP/1.1" 200 3 "-" "WhereRU/1.0 (iPhone; iOS 8.1.1; Scale/2.00)"
10.0.0.245 - - [01/Dec/2014:17:07:02 -0500] "POST /api.php HTTP/1.1" 200 3 "-" "WhereRU/1.0 (iPhone; iOS 8.1.1; Scale/2.00)"
10.0.0.160 - - [01/Dec/2014:17:08:23 -0500] "POST /api.php HTTP/1.1" 200 3 "-" "WhereRU/1.0 (iPhone; iOS 8.1.1; Scale/2.00)"
10.0.0.5 - - [01/Dec/2014:17:08:56 -0500] "POST /api.php HTTP/1.1" 400 - "-" "WhereRU/1.0 (iPhone; iOS 7.0.4; Scale/2.00)"
10.0.0.5 - - [01/Dec/2014:17:09:11 -0500] "POST /api.php HTTP/1.1" 400 - "-" "WhereRU/1.0 (iPhone; iOS 7.0.4; Scale/2.00)"
10.0.0.5 - - [01/Dec/2014:17:12:09 -0500] "POST /api.php HTTP/1.1" 200 3 "-" "WhereRU/1.0 (iPhone; iOS 7.0.4; Scale/2.00)"
10.0.0.245 - - [01/Dec/2014:18:50:11 -0500] "POST /api.php HTTP/1.1" 200 3 "-" "WhereRU/1.0 (iPhone; iOS 8.1.1; Scale/2.00)"
10.0.0.245 - - [01/Dec/2014:18:51:09 -0500] "POST /api.php HTTP/1.1" 200 3 "-" "WhereRU/1.0 (iPhone; iOS 8.1.1; Scale/2.00)"
10.0.0.5 - - [01/Dec/2014:18:51:44 -0500] "POST /api.php HTTP/1.1" 200 3 "-" "WhereRU/1.0 (iPhone; iOS 7.0.4; Scale/2.00)"
10.0.0.5 - - [01/Dec/2014:19:02:56 -0500] "POST /api.php HTTP/1.1" 200 3 "-" "WhereRU/1.0 (iPhone; iOS 7.0.4; Scale/2.00)"
10.0.0.5 - - [01/Dec/2014:19:04:52 -0500] "POST /api.php HTTP/1.1" 200 3 "-" "WhereRU/1.0 (iPhone; iOS 7.0.4; Scale/2.00)"
10.0.0.5 - - [01/Dec/2014:20:39:32 -0500] "POST /api.php HTTP/1.1" 200 3 "-" "WhereRU/1.0 (iPhone; iOS 7.0.4; Scale/2.00)"
10.0.0.245 - - [01/Dec/2014:20:41:06 -0500] "POST /api.php HTTP/1.1" 200 3 "-" "WhereRU/1.0 (iPhone; iOS 8.1.1; Scale/2.00)"
10.0.0.245 - - [01/Dec/2014:20:42:18 -0500] "POST /api.php HTTP/1.1" 200 3 "-" "WhereRU/1.0 (iPhone; iOS 8.1.1; Scale/2.00)"
10.0.0.5 - - [01/Dec/2014:20:42:37 -0500] "POST /api.php HTTP/1.1" 200 3 "-" "WhereRU/1.0 (iPhone; iOS 7.0.4; Scale/2.00)"
10.0.0.245 - - [01/Dec/2014:20:44:30 -0500] "POST /api.php HTTP/1.1" 200 3 "-" "WhereRU/1.0 (iPhone; iOS 8.1.1; Scale/2.00)"
10.0.0.245 - - [01/Dec/2014:20:46:31 -0500] "POST /api.php HTTP/1.1" 200 3 "-" "WhereRU/1.0 (iPhone; iOS 8.1.1; Scale/2.00)"
10.0.0.160 - - [01/Dec/2014:20:47:45 -0500] "POST /api.php HTTP/1.1" 200 3 "-" "WhereRU/1.0 (iPhone; iOS 8.1.1; Scale/2.00)"
10.0.0.5 - - [01/Dec/2014:20:50:46 -0500] "POST /api.php HTTP/1.1" 200 3 "-" "WhereRU/1.0 (iPhone; iOS 7.0.4; Scale/2.00)"
10.0.0.5 - - [01/Dec/2014:20:53:48 -0500] "POST /api.php HTTP/1.1" 200 3 "-" "WhereRU/1.0 (iPhone; iOS 7.0.4; Scale/2.00)"
10.0.0.245 - - [01/Dec/2014:20:54:53 -0500] "POST /api.php HTTP/1.1" 200 3 "-" "WhereRU/1.0 (iPhone; iOS 8.1.1; Scale/2.00)"
10.0.0.5 - - [01/Dec/2014:20:55:16 -0500] "POST /api.php HTTP/1.1" 200 3 "-" "WhereRU/1.0 (iPhone; iOS 7.0.4; Scale/2.00)"
10.0.0.5 - - [01/Dec/2014:20:56:49 -0500] "POST /api.php HTTP/1.1" 200 3 "-" "WhereRU/1.0 (iPhone; iOS 7.0.4; Scale/2.00)"
10.0.0.5 - - [01/Dec/2014:21:07:03 -0500] "POST /api.php HTTP/1.1" 200 3 "-" "WhereRU/1.0 (iPhone; iOS 7.0.4; Scale/2.00)"
10.0.0.5 - - [01/Dec/2014:21:07:27 -0500] "POST /api.php HTTP/1.1" 200 3 "-" "WhereRU/1.0 (iPhone; iOS 7.0.4; Scale/2.00)"
10.0.0.5 - - [01/Dec/2014:21:28:23 -0500] "POST /api.php HTTP/1.1" 200 3 "-" "WhereRU/1.0 (iPhone; iOS 7.0.4; Scale/2.00)"
10.0.0.5 - - [01/Dec/2014:21:40:45 -0500] "POST /api.php HTTP/1.1" 200 3 "-" "WhereRU/1.0 (iPhone; iOS 7.0.4; Scale/2.00)"
::1 - - [07/Dec/2014:23:01:44 -0500] "OPTIONS * HTTP/1.0" 200 - "-" "Apache/2.2.29 (Unix) mod_fastcgi/2.4.6 mod_wsgi/3.4 Python/2.7.8 PHP/5.6.2 mod_ssl/2.2.29 OpenSSL/0.9.8za DAV/2 mod_perl/2.0.8 Perl/v5.20.0 (internal dummy connection)"
::1 - - [07/Dec/2014:23:01:48 -0500] "OPTIONS * HTTP/1.0" 200 - "-" "Apache/2.2.29 (Unix) mod_fastcgi/2.4.6 mod_wsgi/3.4 Python/2.7.8 PHP/5.6.2 mod_ssl/2.2.29 OpenSSL/0.9.8za DAV/2 mod_perl/2.0.8 Perl/v5.20.0 (internal dummy connection)"
10.0.0.10 - - [13/Dec/2014:00:35:24 -0500] "POST /api.php HTTP/1.1" 200 3 "-" "WhereRU/1.0 (iPhone; iOS 7.0.4; Scale/2.00)"
10.0.0.160 - - [13/Dec/2014:10:37:35 -0500] "POST /api.php HTTP/1.1" 200 3 "-" "WhereRU/1.0 (iPhone; iOS 8.1.2; Scale/2.00)"
127.0.0.1 - - [13/Dec/2014:10:56:19 -0500] "GET / HTTP/1.1" 200 31 "-" "Mozilla/5.0 (Macintosh; Intel Mac OS X 10_10_1) AppleWebKit/537.36 (KHTML, like Gecko) Chrome/41.0.2240.0 Safari/537.36"
127.0.0.1 - - [13/Dec/2014:10:56:20 -0500] "GET /favicon.ico HTTP/1.1" 200 1150 "-" "Mozilla/5.0 (Macintosh; Intel Mac OS X 10_10_1) AppleWebKit/537.36 (KHTML, like Gecko) Chrome/41.0.2240.0 Safari/537.36"
::1 - - [13/Dec/2014:10:58:22 -0500] "OPTIONS * HTTP/1.0" 200 - "-" "Apache/2.2.29 (Unix) mod_fastcgi/2.4.6 mod_wsgi/3.4 Python/2.7.8 PHP/5.6.2 mod_ssl/2.2.29 OpenSSL/0.9.8za DAV/2 mod_perl/2.0.8 Perl/v5.20.0 (internal dummy connection)"
10.0.0.27 - - [13/Dec/2014:10:59:08 -0500] "GET / HTTP/1.1" 200 31 "-" "Mozilla/5.0 (Macintosh; Intel Mac OS X 10_10_1) AppleWebKit/537.36 (KHTML, like Gecko) Chrome/39.0.2171.95 Safari/537.36"
127.0.0.1 - - [13/Dec/2014:10:59:08 -0500] "GET /test/database.php HTTP/1.1" 200 31 "-" "Mozilla/5.0 (Macintosh; Intel Mac OS X 10_10_1) AppleWebKit/537.36 (KHTML, like Gecko) Chrome/39.0.2171.95 Safari/537.36"
10.0.0.27 - - [13/Dec/2014:10:59:16 -0500] "GET /favicon.ico HTTP/1.1" 200 1150 "-" "Mozilla/5.0 (Macintosh; Intel Mac OS X 10_10_1) AppleWebKit/537.36 (KHTML, like Gecko) Chrome/39.0.2171.95 Safari/537.36"
127.0.0.1 - - [13/Dec/2014:10:59:17 -0500] "GET /favicon.ico HTTP/1.1" 200 1150 "-" "Mozilla/5.0 (Macintosh; Intel Mac OS X 10_10_1) AppleWebKit/537.36 (KHTML, like Gecko) Chrome/39.0.2171.95 Safari/537.36"
::1 - - [13/Dec/2014:11:00:07 -0500] "OPTIONS * HTTP/1.0" 200 - "-" "Apache/2.2.29 (Unix) mod_fastcgi/2.4.6 mod_wsgi/3.4 Python/2.7.8 PHP/5.6.2 mod_ssl/2.2.29 OpenSSL/0.9.8za DAV/2 mod_perl/2.0.8 Perl/v5.20.0 (internal dummy connection)"
127.0.0.1 - - [13/Dec/2014:11:13:25 -0500] "GET /test/database.php HTTP/1.1" 200 31 "-" "Mozilla/5.0 (Macintosh; Intel Mac OS X 10_10_1) AppleWebKit/537.36 (KHTML, like Gecko) Chrome/41.0.2240.0 Safari/537.36"
10.0.0.10 - - [13/Dec/2014:11:20:55 -0500] "POST /api.php HTTP/1.1" 200 3 "-" "WhereRU/1.0 (iPhone; iOS 7.0.4; Scale/2.00)"
10.0.0.160 - - [13/Dec/2014:11:21:11 -0500] "POST /api.php HTTP/1.1" 200 3 "-" "WhereRU/1.0 (iPhone; iOS 8.1.2; Scale/2.00)"
10.0.0.10 - - [13/Dec/2014:11:21:56 -0500] "POST /api.php HTTP/1.1" 200 3 "-" "WhereRU/1.0 (iPhone; iOS 7.0.4; Scale/2.00)"
10.0.0.10 - - [13/Dec/2014:11:22:16 -0500] "POST /api.php HTTP/1.1" 200 3 "-" "WhereRU/1.0 (iPhone; iOS 7.0.4; Scale/2.00)"
10.0.0.160 - - [13/Dec/2014:11:23:00 -0500] "POST /api.php HTTP/1.1" 200 3 "-" "WhereRU/1.0 (iPhone; iOS 8.1.2; Scale/2.00)"
10.0.0.160 - - [13/Dec/2014:11:23:18 -0500] "POST /api.php HTTP/1.1" 200 3 "-" "WhereRU/1.0 (iPhone; iOS 8.1.2; Scale/2.00)"
10.0.0.10 - - [13/Dec/2014:11:23:27 -0500] "POST /api.php HTTP/1.1" 200 3 "-" "WhereRU/1.0 (iPhone; iOS 7.0.4; Scale/2.00)"
10.0.0.160 - - [13/Dec/2014:11:23:41 -0500] "POST /api.php HTTP/1.1" 200 3 "-" "WhereRU/1.0 (iPhone; iOS 8.1.2; Scale/2.00)"
10.0.0.10 - - [13/Dec/2014:16:24:33 -0500] "POST /api.php HTTP/1.1" 200 3 "-" "WhereRU/1.0 (iPhone; iOS 7.0.4; Scale/2.00)"
10.0.0.160 - - [13/Dec/2014:16:24:59 -0500] "POST /api.php HTTP/1.1" 200 3 "-" "WhereRU/1.0 (iPhone; iOS 8.1.2; Scale/2.00)"
10.0.0.10 - - [13/Dec/2014:16:26:22 -0500] "POST /api.php HTTP/1.1" 200 3 "-" "WhereRU/1.0 (iPhone; iOS 7.0.4; Scale/2.00)"
10.0.0.160 - - [13/Dec/2014:16:26:38 -0500] "POST /api.php HTTP/1.1" 200 3 "-" "WhereRU/1.0 (iPhone; iOS 8.1.2; Scale/2.00)"
10.0.0.160 - - [13/Dec/2014:16:27:00 -0500] "POST /api.php HTTP/1.1" 200 3 "-" "WhereRU/1.0 (iPhone; iOS 8.1.2; Scale/2.00)"
10.0.0.10 - - [13/Dec/2014:16:27:33 -0500] "POST /api.php HTTP/1.1" 200 3 "-" "WhereRU/1.0 (iPhone; iOS 7.0.4; Scale/2.00)"
10.0.0.160 - - [13/Dec/2014:16:27:46 -0500] "POST /api.php HTTP/1.1" 200 3 "-" "WhereRU/1.0 (iPhone; iOS 8.1.2; Scale/2.00)"
127.0.0.1 - - [16/Dec/2014:22:34:54 -0500] "GET /test/database.php HTTP/1.1" 200 31 "-" "Mozilla/5.0 (Macintosh; Intel Mac OS X 10_10_1) AppleWebKit/537.36 (KHTML, like Gecko) Chrome/41.0.2251.0 Safari/537.36"
10.0.0.177 - - [19/Dec/2014:22:28:10 -0500] "POST /api.php HTTP/1.1" 200 3 "-" "WhereRU/1.0 (iPhone; iOS 8.1.2; Scale/2.00)"
10.0.0.177 - - [19/Dec/2014:22:28:21 -0500] "POST /api.php HTTP/1.1" 200 3 "-" "WhereRU/1.0 (iPhone; iOS 8.1.2; Scale/2.00)"
::1 - - [21/Feb/2015:14:46:15 -0500] "OPTIONS * HTTP/1.0" 200 - "-" "Apache/2.2.29 (Unix) mod_fastcgi/2.4.6 mod_wsgi/3.4 Python/2.7.8 PHP/5.6.2 mod_ssl/2.2.29 OpenSSL/0.9.8zc DAV/2 mod_perl/2.0.8 Perl/v5.20.0 (internal dummy connection)"
::1 - - [21/Feb/2015:14:46:24 -0500] "OPTIONS * HTTP/1.0" 200 - "-" "Apache/2.2.29 (Unix) mod_fastcgi/2.4.6 mod_wsgi/3.4 Python/2.7.8 PHP/5.6.2 mod_ssl/2.2.29 OpenSSL/0.9.8zc DAV/2 mod_perl/2.0.8 Perl/v5.20.0 (internal dummy connection)"
::1 - - [21/Feb/2015:21:50:31 -0500] "OPTIONS * HTTP/1.0" 200 - "-" "Apache/2.2.29 (Unix) mod_fastcgi/2.4.6 mod_wsgi/3.4 Python/2.7.8 PHP/5.6.2 mod_ssl/2.2.29 OpenSSL/0.9.8zc DAV/2 mod_perl/2.0.8 Perl/v5.20.0 (internal dummy connection)"
::1 - - [21/Feb/2015:21:50:32 -0500] "OPTIONS * HTTP/1.0" 200 - "-" "Apache/2.2.29 (Unix) mod_fastcgi/2.4.6 mod_wsgi/3.4 Python/2.7.8 PHP/5.6.2 mod_ssl/2.2.29 OpenSSL/0.9.8zc DAV/2 mod_perl/2.0.8 Perl/v5.20.0 (internal dummy connection)"
::1 - - [21/Feb/2015:21:51:04 -0500] "OPTIONS * HTTP/1.0" 200 - "-" "Apache/2.2.29 (Unix) mod_fastcgi/2.4.6 mod_wsgi/3.4 Python/2.7.8 PHP/5.6.2 mod_ssl/2.2.29 OpenSSL/0.9.8zc DAV/2 mod_perl/2.0.8 Perl/v5.20.0 (internal dummy connection)"
::1 - - [21/Feb/2015:21:51:24 -0500] "OPTIONS * HTTP/1.0" 200 - "-" "Apache/2.2.29 (Unix) mod_fastcgi/2.4.6 mod_wsgi/3.4 Python/2.7.8 PHP/5.6.2 mod_ssl/2.2.29 OpenSSL/0.9.8zc DAV/2 mod_perl/2.0.8 Perl/v5.20.0 (internal dummy connection)"
::1 - - [21/Feb/2015:21:51:54 -0500] "OPTIONS * HTTP/1.0" 200 - "-" "Apache/2.2.29 (Unix) mod_fastcgi/2.4.6 mod_wsgi/3.4 Python/2.7.8 PHP/5.6.2 mod_ssl/2.2.29 OpenSSL/0.9.8zc DAV/2 mod_perl/2.0.8 Perl/v5.20.0 (internal dummy connection)"
::1 - - [21/Feb/2015:21:52:34 -0500] "OPTIONS * HTTP/1.0" 200 - "-" "Apache/2.2.29 (Unix) mod_fastcgi/2.4.6 mod_wsgi/3.4 Python/2.7.8 PHP/5.6.2 mod_ssl/2.2.29 OpenSSL/0.9.8zc DAV/2 mod_perl/2.0.8 Perl/v5.20.0 (internal dummy connection)"
